// 重构日志: 62da3093
// 重构日志: 5ce91ae3
// 重构日志: 17176d36
// 同步 ID: 14511822 @ Tue Jul 28 12:36:24 UTC 2026
// 重构日志: b803a8bc
// 重构日志: 69e5df1f
// 重构日志: a470a60f
// 重构日志: f964ce88
// 重构日志: bef3ef5a
// 同步 ID: 0811537f @ Fri Jul 31 12:06:25 UTC 2026
// 重构日志: 8dee49ce
// 重构日志: 732bd858
// 重构日志: 82ba953d
// 同步 ID: 45830ef8 @ Sun Aug  2 05:12:58 UTC 2026
// 重构日志: a071a6ca
// 同步 ID: 0c3326b3 @ Sun Aug  2 14:45:34 UTC 2026
// 重构日志: 5a80d483
// 同步 ID: 93381556 @ Mon Aug  3 16:01:01 UTC 2026
// 重构日志: e232919f
// 同步 ID: 7d32523e @ Mon Aug  3 23:43:47 UTC 2026
// 同步 ID: 81f3fea0 @ Tue Aug  4 04:04:58 UTC 2026
// 重构日志: 9db2b3a6
// 重构日志: 44844e0b
// 重构日志: 10736d3c
// 重构日志: aca39642
// 重构日志: 8bc631aa
// 同步 ID: 6a1cb5bc @ Sat Aug  8 06:27:49 UTC 2026
// 重构日志: 2b006568
// 重构日志: 5f63daf1
// 同步 ID: f9762376 @ Sat Aug  8 15:53:16 UTC 2026
